WARNING: We recommend using a newer Android Gradle plugin to use compileSdk = 35

This Android Gradle plugin (8.5.2) was tested up to compileSdk = 34.

You are strongly encouraged to update your project to use a newer
Android Gradle plugin that has been tested with compileSdk = 35.

If you are already using the latest version of the Android Gradle plugin,
you may need to wait until a newer version with support for compileSdk = 35 is available.

For more information refer to the compatibility table:
https://d.android.com/r/tools/api-level-support

To suppress this warning, add/update
    android.suppressUnsupportedCompileSdk=35
to this project's gradle.properties.
> Task :app:preBuild UP-TO-DATE
> Task :app:preDebugBuild UP-TO-DATE
> Task :app:mergeDebugNativeDebugMetadata NO-SOURCE
> Task :app:checkKotlinGradlePluginConfigurationErrors SKIPPED
> Task :app:checkDebugAarMetadata UP-TO-DATE
> Task :app:generateDebugResValues UP-TO-DATE
> Task :app:mapDebugSourceSetPaths UP-TO-DATE
> Task :app:generateDebugResources UP-TO-DATE
> Task :app:mergeDebugResources UP-TO-DATE
> Task :app:packageDebugResources UP-TO-DATE
> Task :app:parseDebugLocalResources UP-TO-DATE
> Task :app:createDebugCompatibleScreenManifests UP-TO-DATE
> Task :app:extractDeepLinksDebug UP-TO-DATE
> Task :app:processDebugMainManifest UP-TO-DATE
> Task :app:processDebugManifest UP-TO-DATE
> Task :app:processDebugManifestForPackage UP-TO-DATE
> Task :app:processDebugResources UP-TO-DATE
> Task :app:javaPreCompileDebug UP-TO-DATE
> Task :app:mergeDebugShaders UP-TO-DATE
> Task :app:compileDebugShaders NO-SOURCE
> Task :app:generateDebugAssets UP-TO-DATE
> Task :app:mergeDebugAssets UP-TO-DATE
> Task :app:compressDebugAssets UP-TO-DATE
> Task :app:desugarDebugFileDependencies UP-TO-DATE
> Task :app:checkDebugDuplicateClasses UP-TO-DATE
> Task :app:mergeDebugStartupProfile UP-TO-DATE
> Task :app:mergeExtDexDebug UP-TO-DATE
> Task :app:mergeLibDexDebug UP-TO-DATE
> Task :app:mergeDebugJniLibFolders UP-TO-DATE
> Task :app:mergeDebugNativeLibs UP-TO-DATE
> Task :app:stripDebugDebugSymbols UP-TO-DATE
> Task :app:validateSigningDebug UP-TO-DATE
> Task :app:writeDebugAppMetadata UP-TO-DATE
> Task :app:writeDebugSigningConfigVersions UP-TO-DATE

> Task :app:compileDebugKotlin
w: file:///C:/Users/xbxga/AppData/Roaming/Tencent/Marvis/User/oAN1i2YUvCbWP_4W7LanZr7Qb3zA/workspace/conv_5f9f6edbec66426f9dc432322748d0df/temp/net-scanner-v5/app/src/main/java/com/netscanner/core/ToolEngine.kt:94:21 'fun resolveService(p0: NsdServiceInfo!, p1: NsdManager.ResolveListener!): Unit' is deprecated. Deprecated in Java.
w: file:///C:/Users/xbxga/AppData/Roaming/Tencent/Marvis/User/oAN1i2YUvCbWP_4W7LanZr7Qb3zA/workspace/conv_5f9f6edbec66426f9dc432322748d0df/temp/net-scanner-v5/app/src/main/java/com/netscanner/core/ToolEngine.kt:97:38 'var host: InetAddress!' is deprecated. Deprecated in Java.
w: file:///C:/Users/xbxga/AppData/Roaming/Tencent/Marvis/User/oAN1i2YUvCbWP_4W7LanZr7Qb3zA/workspace/conv_5f9f6edbec66426f9dc432322748d0df/temp/net-scanner-v5/app/src/main/java/com/netscanner/core/ToolEngine.kt:423:38 'val dhcpInfo: DhcpInfo!' is deprecated. Deprecated in Java.
w: file:///C:/Users/xbxga/AppData/Roaming/Tencent/Marvis/User/oAN1i2YUvCbWP_4W7LanZr7Qb3zA/workspace/conv_5f9f6edbec66426f9dc432322748d0df/temp/net-scanner-v5/app/src/main/java/com/netscanner/ui/screens/HomeScreen.kt:155:22 'val connectionInfo: WifiInfo!' is deprecated. Deprecated in Java.

> Task :app:compileDebugJavaWithJavac NO-SOURCE
> Task :app:dexBuilderDebug
> Task :app:mergeDebugGlobalSynthetics UP-TO-DATE
> Task :app:processDebugJavaRes UP-TO-DATE
> Task :app:mergeDebugJavaResource UP-TO-DATE
> Task :app:mergeProjectDexDebug
> Task :app:packageDebug
> Task :app:createDebugApkListingFileRedirect
> Task :app:assembleDebug

BUILD SUCCESSFUL in 26s
36 actionable tasks: 5 executed, 31 up-to-date
